POST	/api/admin/categories	admin
DELETE	/api/admin/categories/{id}	admin
PUT	/api/admin/categories/{id}	admin
GET	/api/admin/dashboard/revenue	admin
GET	/api/admin/dashboard/summary	admin
GET	/api/admin/dashboard/top-products	admin
GET	/api/admin/inventory/{product_id}	admin
PUT	/api/admin/inventory/{product_id}/adjust	admin
PUT	/api/admin/inventory/{product_id}/restock	admin
GET	/api/admin/orders	admin
GET	/api/admin/orders/{id}	admin
POST	/api/admin/orders/{id}/ship	admin
PUT	/api/admin/orders/{id}/status	admin
GET	/api/admin/payments	admin
GET	/api/admin/payments/{id}	admin
POST	/api/admin/payments/{id}/refund	admin
GET	/api/admin/products	admin
POST	/api/admin/products	admin
DELETE	/api/admin/products/{id}	admin
GET	/api/admin/products/{id}	admin
PUT	/api/admin/products/{id}	admin
GET	/api/admin/promotions	admin
POST	/api/admin/promotions	admin
DELETE	/api/admin/promotions/{id}	admin
PUT	/api/admin/promotions/{id}	admin
DELETE	/api/admin/reviews/{id}	admin
POST	/api/admin/shipments/{id}/deliver	admin
PUT	/api/admin/shipments/{id}/tracking	admin
GET	/api/admin/users	admin
DELETE	/api/admin/users/{id}	admin
GET	/api/admin/users/{id}	admin
PUT	/api/admin/users/{id}	admin
PUT	/api/admin/users/{id}/role	admin
POST	/api/auth/login	api
POST	/api/auth/refresh	api
POST	/api/auth/register	api
DELETE	/api/cart	authed
GET	/api/cart	authed
POST	/api/cart/items	authed
DELETE	/api/cart/items/{product_id}	authed
PUT	/api/cart/items/{product_id}	authed
GET	/api/categories	api
GET	/api/categories/{slug}	api
GET	/api/notifications	authed
PUT	/api/notifications/{id}/read	authed
PUT	/api/notifications/read-all	authed
GET	/api/notifications/unread-count	authed
GET	/api/orders	authed
POST	/api/orders	authed
GET	/api/orders/{id}	authed
POST	/api/orders/{id}/cancel	authed
POST	/api/orders/{id}/pay	authed
GET	/api/orders/{id}/shipping	authed
POST	/api/payments/webhook	api
GET	/api/products	api
GET	/api/products/{id}/reviews	api
POST	/api/products/{id}/reviews	authed
GET	/api/products/{slug}	api
POST	/api/promotions/apply	authed
GET	/api/users/me	authed
PUT	/api/users/me	authed
GET	/api/wishlist	authed
POST	/api/wishlist/items	authed
DELETE	/api/wishlist/items/{product_id}	authed
